<?xml version="1.0" encoding="utf-8"?><testsuites name="pytest tests"><testsuite name="pytest" errors="0" failures="0" skipped="0" tests="22" time="5.113" timestamp="2026-01-17T14:55:47.922934-06:00" hostname="DESKTOP-SACB1K4"><testcase classname="tests.config.logs_.test_LoggingConfig_fileConfig" name="test__logging_config__is_instance_of__LoggingConfig" time="0.006" /><testcase classname="tests.config.logs_.test_LoggingConfig_fileConfig" name="test__logger__is_instance_of__Logger" time="0.005" /><testcase classname="tests.config.os_environ.azure_openai.test_AzureOpenAISettings_dotenv" name="test__azure_openai__is_instance_of__AzureOpenAISettings" time="0.007" /><testcase classname="tests.config.os_environ.azure_openai.test_AzureOpenAISettings_dotenv" name="test__base_url__equals__env_test" time="0.003" /><testcase classname="tests.config.os_environ.azure_openai.test_AzureOpenAISettings_dotenv" name="test__deployment__equals__env_test" time="0.002" /><testcase classname="tests.config.os_environ.azure_openai.test_AzureOpenAISettings_dotenv" name="test__api_key__equals__env_test" time="0.003" /><testcase classname="tests.config.os_environ.settings.test_Settings_dotenv" name="test__settings__is_instance_of__Settings" time="0.003" /><testcase classname="tests.config.os_environ.settings.test_Settings_dotenv" name="test__environment__equals__test" time="0.004" /><testcase classname="tests.config.os_environ.settings.test_Settings_dotenv" name="test__dry_run__is__True" time="0.004" /><testcase classname="tests.config.os_environ.settings.test_Settings_dotenv" name="test__azure_ai_project_endpoint__equals__env_test" time="0.003" /><testcase classname="tests.config.os_environ.settings.test_Settings_dotenv" name="test__azure_openai__is__instance_of_AzureOpenAISettings" time="0.004" /><testcase classname="tests.dependency_injection.container.test_container" name="test__contains_instance_of__Settings" time="0.010" /><testcase classname="tests.dependency_injection.container.test_container" name="test__contains_instance_of__Logger" time="0.014" /><testcase classname="tests.dependency_injection.container.test_container" name="test__contains_instance_of__TokenCredential" time="0.015" /><testcase classname="tests.dependency_injection.container.test_container" name="test__contains_instance_of__DefaultAzureCredential" time="0.019" /><testcase classname="tests.dependency_injection.container.test_container" name="test__contains_instance_of__AccessToken" time="0.014" /><testcase classname="tests.dependency_injection.container.test_container" name="test__contains_instance_of__AIProjectClient" time="0.014" /><testcase classname="tests.dependency_injection.container.test_container" name="test__contains_instance_of__AzureOpenAIModelConfiguration" time="0.017" /><testcase classname="tests.dependency_injection.container.test_container" name="test__contains_instance_of__QAEvaluator" time="0.085" /><testcase classname="tests.dependency_injection.container.test_container" name="test__contains_instance_of__ContentSafetyEvaluator" time="0.598" /><testcase classname="tests.dependency_injection.container.test_container" name="test__contains_instance_of__dict_str_EvaluatorBase" time="0.142" /><testcase classname="tests.dependency_injection.container.test_container" name="test__contains_instance_of__dict_str_EvaluatorConfig" time="0.007" /></testsuite></testsuites>